[html.xpressbuddy.com/techco/index_software_company.html]
[backblue.gif]
[fade.gif]
[index.html]
[html.xpressbuddy.com/techco/assets/images/site_logo/favourite_icon_2.svg]
[html.xpressbuddy.com/techco/assets/css/bootstrap.min.css]
[html.xpressbuddy.com/techco/assets/css/animate.min.css]
[html.xpressbuddy.com/techco/assets/css/fontawesome.css]
[html.xpressbuddy.com/techco/assets/css/swiper-bundle.min.css]
[html.xpressbuddy.com/techco/assets/css/magnific-popup.min.css]
[html.xpressbuddy.com/techco/assets/css/odometer.min.css]
[html.xpressbuddy.com/techco/assets/css/style.css]
[html.xpressbuddy.com/techco/assets/images/site_logo/site_logo_2.svg]
[html.xpressbuddy.com/techco/index.html]
[html.xpressbuddy.com/techco/assets/images/site_logo/site_logo_3.svg]
[html.xpressbuddy.com/techco/index_business_consulting.html]
[html.xpressbuddy.com/techco/about.html]
[html.xpressbuddy.com/techco/assets/images/icons/icon_wifi.svg]
[html.xpressbuddy.com/techco/pricing.html]
[html.xpressbuddy.com/techco/assets/images/icons/icon_dollar_2.svg]
[html.xpressbuddy.com/techco/portfolio.html]
[html.xpressbuddy.com/techco/assets/images/icons/icon_chart.svg]
[html.xpressbuddy.com/techco/portfolio_details.html]
[html.xpressbuddy.com/techco/assets/images/icons/icon_tag_2.svg]
[html.xpressbuddy.com/techco/team.html]
[html.xpressbuddy.com/techco/assets/images/icons/icon_user_2.svg]
[html.xpressbuddy.com/techco/team_details.html]
[html.xpressbuddy.com/techco/assets/images/icons/icon_users.svg]
[html.xpressbuddy.com/techco/service.html]
[html.xpressbuddy.com/techco/assets/images/icons/icon_pen.svg]
[html.xpressbuddy.com/techco/service_details.html]
[html.xpressbuddy.com/techco/contact.html]
[html.xpressbuddy.com/techco/assets/images/clients/client_logo_9.webp]
[html.xpressbuddy.com/techco/assets/images/clients/client_logo_10.webp]
[html.xpressbuddy.com/techco/assets/images/avatar/avatar_7.webp]
[html.xpressbuddy.com/techco/assets/images/icons/icon_quote.svg]
[html.xpressbuddy.com/techco/fields.html]
[html.xpressbuddy.com/techco/assets/images/case/case_image_4.webp]
[html.xpressbuddy.com/techco/blog.html]
[html.xpressbuddy.com/techco/blog_details.html]
[html.xpressbuddy.com/techco/assets/images/shapes/shape_title_under_line.svg]
[html.xpressbuddy.com/techco/assets/images/hero/circle_engine_1.webp]
[html.xpressbuddy.com/techco/assets/images/hero/circle_engine_2.webp]
[html.xpressbuddy.com/techco/assets/images/hero/circle_engine_3.webp]
[html.xpressbuddy.com/techco/assets/images/hero/circle_engine_4.png]
[html.xpressbuddy.com/techco/assets/images/hero/shape_image_1.webp]
[html.xpressbuddy.com/techco/assets/images/hero/shape_image_2.webp]
[html.xpressbuddy.com/techco/assets/images/hero/shape_image_3.webp]
[html.xpressbuddy.com/techco/assets/images/hero/shape_image_4.webp]
[html.xpressbuddy.com/techco/assets/images/clients/client_logo_1.webp]
[html.xpressbuddy.com/techco/assets/images/clients/client_logo_2.webp]
[html.xpressbuddy.com/techco/assets/images/clients/client_logo_3.webp]
[html.xpressbuddy.com/techco/assets/images/clients/client_logo_4.webp]
[html.xpressbuddy.com/techco/assets/images/clients/client_logo_5.webp]
[html.xpressbuddy.com/techco/assets/images/clients/client_logo_6.webp]
[html.xpressbuddy.com/techco/assets/images/clients/client_logo_7.webp]
[html.xpressbuddy.com/techco/assets/images/icons/icon_code.svg]
[html.xpressbuddy.com/techco/assets/images/icons/icon_programming_tree.svg]
[html.xpressbuddy.com/techco/assets/images/icons/icon_monitor_2.svg]
[html.xpressbuddy.com/techco/assets/images/icons/icon_phone.svg]
[html.xpressbuddy.com/techco/assets/images/icons/icon_bug.svg]
[html.xpressbuddy.com/techco/assets/images/icons/icon_programming.svg]
[html.xpressbuddy.com/techco/assets/images/shapes/shape_line_5.svg]
[html.xpressbuddy.com/techco/assets/images/shapes/shape_line_6.svg]
[html.xpressbuddy.com/techco/assets/images/shapes/shape_angle_1.webp]
[html.xpressbuddy.com/techco/assets/images/shapes/shape_angle_2.webp]
[html.xpressbuddy.com/techco/assets/images/backgrounds/bg_image_2.webp]
[html.xpressbuddy.com/techco/assets/images/about/about_image_6.webp]
[html.xpressbuddy.com/techco/assets/images/shapes/shape_bg_1.webp]
[html.xpressbuddy.com/techco/assets/images/avatar/avatar_1.webp]
[html.xpressbuddy.com/techco/assets/images/avatar/avatar_2.webp]
[html.xpressbuddy.com/techco/assets/images/avatar/avatar_3.webp]
[html.xpressbuddy.com/techco/assets/images/icons/icon_global.svg]
[html.xpressbuddy.com/techco/assets/images/shapes/shape_line.webp]
[html.xpressbuddy.com/techco/assets/images/case/case_image_1.webp]
[html.xpressbuddy.com/techco/assets/images/case/icon_angular.svg]
[html.xpressbuddy.com/techco/assets/images/case/icon_elephent.svg]
[html.xpressbuddy.com/techco/assets/images/case/case_image_2.webp]
[html.xpressbuddy.com/techco/assets/images/case/icon_netcore.svg]
[html.xpressbuddy.com/techco/assets/images/case/case_image_3.webp]
[html.xpressbuddy.com/techco/assets/images/case/vuejs.svg]
[html.xpressbuddy.com/techco/assets/images/case/icon_python.svg]
[html.xpressbuddy.com/techco/assets/images/icons/icon_php.svg]
[html.xpressbuddy.com/techco/assets/images/icons/icon_javascript.svg]
[html.xpressbuddy.com/techco/assets/images/icons/icon_swift.svg]
[html.xpressbuddy.com/techco/assets/images/icons/icon_typescript.svg]
[html.xpressbuddy.com/techco/assets/images/icons/icon_g318.svg]
[html.xpressbuddy.com/techco/assets/images/icons/icon_java.svg]
[html.xpressbuddy.com/techco/assets/images/icons/icon_ruby.svg]
[html.xpressbuddy.com/techco/assets/images/icons/icon_c_plus.svg]
[html.xpressbuddy.com/techco/assets/images/icons/icon_react_js.svg]
[html.xpressbuddy.com/techco/assets/images/icons/icon_laravel.svg]
[html.xpressbuddy.com/techco/assets/images/icons/icon_c.svg]
[html.xpressbuddy.com/techco/assets/images/icons/icon_g2.svg]
[html.xpressbuddy.com/techco/assets/images/avatar/avatar_5.webp]
[html.xpressbuddy.com/techco/assets/images/flag/ukraine_flag.webp]
[html.xpressbuddy.com/techco/assets/images/clients/client_logo_8.webp]
[html.xpressbuddy.com/techco/assets/images/avatar/avatar_6.webp]
[html.xpressbuddy.com/techco/assets/images/shapes/shape_line_2.svg]
[html.xpressbuddy.com/techco/assets/images/shapes/shape_line_3.svg]
[html.xpressbuddy.com/techco/assets/images/shapes/shape_line_4.svg]
[html.xpressbuddy.com/techco/assets/images/shapes/shape_angle_3.webp]
[html.xpressbuddy.com/techco/assets/images/blog/blog_post_image_12.webp]
[html.xpressbuddy.com/techco/assets/images/icons/icon_calendar.svg]
[html.xpressbuddy.com/techco/assets/images/blog/blog_post_image_13.webp]
[html.xpressbuddy.com/techco/assets/images/blog/blog_post_image_14.webp]
[html.xpressbuddy.com/techco/assets/images/shapes/shape_line_7.svg]
[html.xpressbuddy.com/techco/assets/images/shapes/shape_angle_4.webp]
[html.xpressbuddy.com/techco/assets/images/shapes/bg_pattern_3.svg]
[html.xpressbuddy.com/techco/assets/images/icons/icon_mail_2.svg]
[html.xpressbuddy.com/techco/assets/js/jquery.min.js]
[html.xpressbuddy.com/techco/assets/js/popper.min.js]
[html.xpressbuddy.com/techco/assets/js/bootstrap.min.js]
[html.xpressbuddy.com/techco/assets/js/bootstrap-dropdown-ml-hack.min.js]
[html.xpressbuddy.com/techco/assets/js/swiper-bundle.min.js]
[html.xpressbuddy.com/techco/assets/js/parallaxie.js]
[html.xpressbuddy.com/techco/assets/js/parallax-scroll.js]
[html.xpressbuddy.com/techco/assets/js/wow.min.js]
[html.xpressbuddy.com/techco/assets/js/countdown.js]
[html.xpressbuddy.com/techco/assets/js/magnific-popup.min.js]
[html.xpressbuddy.com/techco/assets/js/appear.min.js]
[html.xpressbuddy.com/techco/assets/js/odometer.min.js]
[html.xpressbuddy.com/techco/assets/js/circularProgressBar.min.js]
[html.xpressbuddy.com/techco/assets/js/main.js]
[html.xpressbuddy.com/techco/index_software_company.html]
[html.xpressbuddy.com/techco/assets/images/site_logo/favourite_icon_2.svg]
[html.xpressbuddy.com/techco/assets/css/bootstrap.min.css]
[html.xpressbuddy.com/techco/assets/fonts/fa-brands-400.ttf]
[html.xpressbuddy.com/techco/assets/fonts/fa-duotone-900.ttf]
[html.xpressbuddy.com/techco/assets/fonts/fa-light-300.ttf]
[html.xpressbuddy.com/techco/assets/fonts/fa-regular-400.ttf]
[html.xpressbuddy.com/techco/assets/fonts/fa-solid-900.ttf]
[html.xpressbuddy.com/techco/assets/fonts/fa-thin-100.84.delayed]
[html.xpressbuddy.com/techco/assets/fonts/fa-v4compatibility.ttf]
[html.xpressbuddy.com/techco/assets/css/fontawesome.css]
[html.xpressbuddy.com/techco/assets/css/animate.min.css]
[html.xpressbuddy.com/techco/assets/css/swiper-bundle.min.css]
[html.xpressbuddy.com/techco/assets/css/magnific-popup.min.css]
[html.xpressbuddy.com/techco/assets/css/odometer.min.css]
[html.xpressbuddy.com/techco/assets/fonts/Axiforma-Regular.ttf]
[html.xpressbuddy.com/techco/assets/fonts/Axiforma-Medium.ttf]
[html.xpressbuddy.com/techco/assets/fonts/Axiforma-SemiBold.ttf]
[html.xpressbuddy.com/techco/assets/fonts/Axiforma-Bold.ttf]
[html.xpressbuddy.com/techco/assets/images/shapes/shape_polygon.webp]
[html.xpressbuddy.com/techco/assets/css/style.css]
[html.xpressbuddy.com/techco/assets/images/site_logo/site_logo_2.svg]
[html.xpressbuddy.com/techco/assets/images/shapes/it_solution_hero_bg_1.svg]
[html.xpressbuddy.com/techco/assets/images/icons/icon_stars_trustpilot.svg]
[html.xpressbuddy.com/techco/assets/images/hero/it_solution_hero_image_1.webp]
[html.xpressbuddy.com/techco/assets/images/hero/it_solution_hero_image_2.webp]
[html.xpressbuddy.com/techco/assets/images/icons/icon_head.svg]
[html.xpressbuddy.com/techco/assets/images/shapes/bg_pattern_1.svg]
[html.xpressbuddy.com/techco/assets/images/icons/icon_check.svg]
[html.xpressbuddy.com/techco/assets/images/icons/icon_like.svg]
[html.xpressbuddy.com/techco/assets/images/icons/icon_dart_board.svg]
[html.xpressbuddy.com/techco/assets/images/about/about_image_1.webp]
[html.xpressbuddy.com/techco/assets/images/about/about_image_9.webp]
[html.xpressbuddy.com/techco/assets/images/about/about_image_11.webp]
[html.xpressbuddy.com/techco/assets/images/about/about_image_10.webp]
[html.xpressbuddy.com/techco/assets/images/icons/icon_user_check.svg]
[html.xpressbuddy.com/techco/assets/images/icons/icon_headphone.svg]
[html.xpressbuddy.com/techco/assets/images/icons/icon_dollar.svg]
[html.xpressbuddy.com/techco/assets/images/services/service_image_1.webp]
[html.xpressbuddy.com/techco/assets/images/services/service_image_2.webp]
[html.xpressbuddy.com/techco/assets/images/services/service_image_3.webp]
[html.xpressbuddy.com/techco/assets/images/services/service_image_4.webp]
[html.xpressbuddy.com/techco/assets/images/services/service_image_5.webp]
[html.xpressbuddy.com/techco/assets/images/portfolio/portfolio_item_image_1.webp]
[html.xpressbuddy.com/techco/assets/images/portfolio/portfolio_item_image_2.webp]
[html.xpressbuddy.com/techco/assets/images/portfolio/portfolio_item_image_3.webp]
[html.xpressbuddy.com/techco/assets/images/avatar/avatar_4.webp]
[html.xpressbuddy.com/techco/assets/images/shapes/bg_pattern_2.svg]
[html.xpressbuddy.com/techco/assets/images/team/team_member_image_1.webp]
[html.xpressbuddy.com/techco/assets/images/icons/icon_twitter_x.svg]
[html.xpressbuddy.com/techco/assets/images/icons/icon_linkedin.svg]
[html.xpressbuddy.com/techco/assets/images/icons/icon_instagram.svg]
[html.xpressbuddy.com/techco/assets/images/team/team_member_image_2.webp]
[html.xpressbuddy.com/techco/assets/images/team/team_member_image_3.webp]
[html.xpressbuddy.com/techco/assets/images/team/team_member_image_4.webp]
[html.xpressbuddy.com/techco/assets/images/team/team_member_image_5.webp]
[html.xpressbuddy.com/techco/assets/images/blog/blog_post_image_1.webp]
[html.xpressbuddy.com/techco/assets/images/blog/blog_post_image_2.webp]
[html.xpressbuddy.com/techco/assets/images/blog/blog_post_image_3.webp]
[html.xpressbuddy.com/techco/assets/images/backgrounds/bg_image_1.webp]
[html.xpressbuddy.com/techco/assets/images/icons/icon_mail.svg]
[html.xpressbuddy.com/techco/assets/images/icons/icon_calling.svg]
[html.xpressbuddy.com/techco/assets/images/icons/icon_map_mark.svg]
[html.xpressbuddy.com/techco/index.html]
[html.xpressbuddy.com/techco/assets/images/site_logo/site_logo_3.svg]
[html.xpressbuddy.com/techco/assets/images/hero/business_consulting_hero_section_bg.jpg]
[html.xpressbuddy.com/techco/assets/images/hero/logo_google.svg]
[html.xpressbuddy.com/techco/assets/images/hero/business_consulting_hero_image_1.webp]
[html.xpressbuddy.com/techco/assets/images/icons/icon_user_3.svg]
[html.xpressbuddy.com/techco/assets/images/icons/icon_wallet.svg]
[html.xpressbuddy.com/techco/assets/images/hero/business_consulting_hero_image_2.webp]
[html.xpressbuddy.com/techco/assets/images/about/about_image_7.webp]
[html.xpressbuddy.com/techco/assets/images/icons/icon_bulb.svg]
[html.xpressbuddy.com/techco/assets/images/icons/icon_user_rating.svg]
[html.xpressbuddy.com/techco/assets/images/icons/icon_hand_shake.svg]
[html.xpressbuddy.com/techco/assets/images/backgrounds/bg_image_3.webp]
[html.xpressbuddy.com/techco/assets/images/icons/icon_analisis_2.svg]
[html.xpressbuddy.com/techco/assets/images/icons/icon_process.svg]
[html.xpressbuddy.com/techco/assets/images/icons/icon_chart_2.svg]
[html.xpressbuddy.com/techco/assets/images/icons/icon_meeting.svg]
[html.xpressbuddy.com/techco/assets/images/icons/icon_bulb_2.svg]
[html.xpressbuddy.com/techco/assets/images/icons/icon_speed_miter.svg]
[html.xpressbuddy.com/techco/assets/images/icons/icon_quote_2.svg]
[html.xpressbuddy.com/techco/assets/images/avatar/avatar_11.webp]
[html.xpressbuddy.com/techco/assets/images/avatar/avatar_10.webp]
[html.xpressbuddy.com/techco/assets/images/avatar/avatar_9.webp]
[html.xpressbuddy.com/techco/assets/images/avatar/avatar_8.webp]
[html.xpressbuddy.com/techco/assets/images/about/about_image_8.webp]
[html.xpressbuddy.com/techco/assets/images/backgrounds/bg_image_4.webp]
[html.xpressbuddy.com/techco/assets/images/blog/blog_post_image_15.webp]
[html.xpressbuddy.com/techco/assets/images/blog/blog_post_image_16.webp]
[html.xpressbuddy.com/techco/assets/images/backgrounds/bg_image_5.webp]
[html.xpressbuddy.com/techco/index_business_consulting.html]
[html.xpressbuddy.com/techco/assets/images/shapes/bg_pattern_4.svg]
[html.xpressbuddy.com/techco/assets/images/about/about_image_3.webp]
[html.xpressbuddy.com/techco/assets/images/about/about_image_4.webp]
[html.xpressbuddy.com/techco/assets/images/icons/icon_clock.svg]
[html.xpressbuddy.com/techco/assets/images/icons/icon_dart_board_2.svg]
[html.xpressbuddy.com/techco/assets/images/icons/icon_target.svg]
[html.xpressbuddy.com/techco/assets/images/about/about_image_5.webp]
[html.xpressbuddy.com/techco/assets/images/icons/icon_check_2.svg]
[html.xpressbuddy.com/techco/assets/images/icons/icon_leaf.svg]
[html.xpressbuddy.com/techco/assets/images/icons/icon_box.svg]
[html.xpressbuddy.com/techco/assets/images/icons/icon_receipt_add.svg]
[html.xpressbuddy.com/techco/assets/images/icons/icon_monitor.svg]
[html.xpressbuddy.com/techco/assets/images/icons/icon_microscope.svg]
[html.xpressbuddy.com/techco/about.html]
[html.xpressbuddy.com/techco/assets/images/icons/icon_wifi.svg]
[html.xpressbuddy.com/techco/assets/images/icons/icon_doc.svg]
[html.xpressbuddy.com/techco/assets/images/icons/icon_analysis.svg]
[html.xpressbuddy.com/techco/assets/images/icons/icon_headphone_2.svg]
[html.xpressbuddy.com/techco/pricing.html]
[html.xpressbuddy.com/techco/assets/images/icons/icon_dollar_2.svg]
[html.xpressbuddy.com/techco/assets/images/icons/best_offer.svg.svg]
[html.xpressbuddy.com/techco/assets/images/portfolio/portfolio_item_image_4.webp]
[html.xpressbuddy.com/techco/assets/images/portfolio/portfolio_item_image_5.webp]
[html.xpressbuddy.com/techco/assets/images/portfolio/portfolio_item_image_6.webp]
[html.xpressbuddy.com/techco/assets/images/portfolio/portfolio_item_image_7.webp]
[html.xpressbuddy.com/techco/assets/images/portfolio/portfolio_item_image_8.webp]
[html.xpressbuddy.com/techco/assets/images/portfolio/portfolio_item_image_9.webp]
[html.xpressbuddy.com/techco/assets/images/portfolio/portfolio_item_image_10.webp]
[html.xpressbuddy.com/techco/assets/images/portfolio/portfolio_item_image_11.webp]
[html.xpressbuddy.com/techco/portfolio.html]
[html.xpressbuddy.com/techco/assets/images/icons/icon_chart.svg]
[html.xpressbuddy.com/techco/assets/images/portfolio/portfolio_details_image_1.webp]
[html.xpressbuddy.com/techco/assets/images/icons/icon_check_3.svg]
[html.xpressbuddy.com/techco/portfolio_details.html]
[html.xpressbuddy.com/techco/assets/images/icons/icon_tag_2.svg]
[html.xpressbuddy.com/techco/assets/images/team/team_cartoon_image.webp]
[html.xpressbuddy.com/techco/assets/images/team/team_map.webp]
[html.xpressbuddy.com/techco/team.html]
[html.xpressbuddy.com/techco/assets/images/icons/icon_user_2.svg]
[html.xpressbuddy.com/techco/team_details.html]
[html.xpressbuddy.com/techco/assets/images/icons/icon_users.svg]
[html.xpressbuddy.com/techco/assets/images/services/service_image_8.webp]
[html.xpressbuddy.com/techco/assets/images/services/service_image_6.webp]
[html.xpressbuddy.com/techco/service.html]
[html.xpressbuddy.com/techco/assets/images/services/service_image_7.webp]
[html.xpressbuddy.com/techco/assets/images/icons/icon_pen.svg]
[html.xpressbuddy.com/techco/assets/images/services/service_details_image_1.webp]
[html.xpressbuddy.com/techco/assets/images/services/service_details_image_2.webp]
[html.xpressbuddy.com/techco/assets/images/services/service_details_image_3.webp]
[html.xpressbuddy.com/techco/assets/images/services/service_details_image_4.webp]
[html.xpressbuddy.com/techco/service_details.html]
[html.xpressbuddy.com/techco/assets/images/icons/icon_map_mark_2.svg]
[html.xpressbuddy.com/techco/assets/images/icons/icon_calling_2.svg]
[html.xpressbuddy.com/techco/assets/images/icons/icon_mail_3.svg]
[html.xpressbuddy.com/techco/contact.html]
[html.xpressbuddy.com/techco/assets/images/icons/icon_calendar_2.svg]
[html.xpressbuddy.com/techco/assets/images/icons/icon_quote.svg]
[html.xpressbuddy.com/techco/assets/images/services/service_details_image_5.webp]
[html.xpressbuddy.com/techco/fields.html]
[html.xpressbuddy.com/techco/assets/images/blog/blog_post_image_4.webp]
[html.xpressbuddy.com/techco/assets/images/shapes/shape_arrow_right.svg]
[html.xpressbuddy.com/techco/assets/images/shapes/shape_arrow_left.svg]
[html.xpressbuddy.com/techco/assets/images/blog/blog_post_image_5.webp]
[html.xpressbuddy.com/techco/assets/images/blog/blog_post_image_6.webp]
[html.xpressbuddy.com/techco/assets/images/blog/blog_post_image_7.webp]
[html.xpressbuddy.com/techco/assets/images/icons/icon_search.svg]
[html.xpressbuddy.com/techco/blog.html]
[html.xpressbuddy.com/techco/assets/images/blog/blog_post_image_8.webp]
[html.xpressbuddy.com/techco/assets/images/icons/icon_user.svg]
[html.xpressbuddy.com/techco/assets/images/icons/icon_chat.svg]
[html.xpressbuddy.com/techco/assets/images/icons/icon_eye.svg]
[html.xpressbuddy.com/techco/assets/images/icons/icon_link.svg]
[html.xpressbuddy.com/techco/assets/images/icons/icon_bookmark.svg]
[html.xpressbuddy.com/techco/assets/images/blog/blog_post_image_9.webp]
[html.xpressbuddy.com/techco/assets/images/blog/blog_post_image_10.webp]
[html.xpressbuddy.com/techco/assets/images/blog/blog_post_image_11.webp]
[html.xpressbuddy.com/techco/blog_details.html]
[html.xpressbuddy.com/techco/assets/images/shapes/shape_title_under_line.svg]
[html.xpressbuddy.com/techco/assets/images/icons/icon_code.svg]
[html.xpressbuddy.com/techco/assets/images/icons/icon_programming_tree.svg]
[html.xpressbuddy.com/techco/assets/images/icons/icon_monitor_2.svg]
[html.xpressbuddy.com/techco/assets/images/icons/icon_phone.svg]
[html.xpressbuddy.com/techco/assets/images/icons/icon_bug.svg]
[html.xpressbuddy.com/techco/assets/images/icons/icon_programming.svg]
[html.xpressbuddy.com/techco/assets/images/shapes/shape_line_5.svg]
[html.xpressbuddy.com/techco/assets/images/shapes/shape_line_6.svg]
[html.xpressbuddy.com/techco/assets/images/shapes/shape_space_1.svg]
[html.xpressbuddy.com/techco/assets/images/icons/icon_global.svg]
[html.xpressbuddy.com/techco/assets/images/case/icon_angular.svg]
[html.xpressbuddy.com/techco/assets/images/case/icon_elephent.svg]
[html.xpressbuddy.com/techco/assets/images/case/icon_netcore.svg]
[html.xpressbuddy.com/techco/assets/images/case/vuejs.svg]
[html.xpressbuddy.com/techco/assets/images/case/icon_python.svg]
[html.xpressbuddy.com/techco/assets/images/shapes/shape_space_2.svg]
[html.xpressbuddy.com/techco/assets/images/icons/icon_php.svg]
[html.xpressbuddy.com/techco/assets/images/icons/icon_javascript.svg]
[html.xpressbuddy.com/techco/assets/images/icons/icon_swift.svg]
[html.xpressbuddy.com/techco/assets/images/icons/icon_typescript.svg]
[html.xpressbuddy.com/techco/assets/images/icons/icon_g318.svg]
[html.xpressbuddy.com/techco/assets/images/icons/icon_java.svg]
[html.xpressbuddy.com/techco/assets/images/icons/icon_ruby.svg]
[html.xpressbuddy.com/techco/assets/images/icons/icon_c_plus.svg]
[html.xpressbuddy.com/techco/assets/images/icons/icon_react_js.svg]
[html.xpressbuddy.com/techco/assets/images/icons/icon_laravel.svg]
[html.xpressbuddy.com/techco/assets/images/icons/icon_c.svg]
[html.xpressbuddy.com/techco/assets/images/icons/icon_g2.svg]
[html.xpressbuddy.com/techco/assets/images/shapes/shape_line_2.svg]
[html.xpressbuddy.com/techco/assets/images/shapes/shape_line_3.svg]
[html.xpressbuddy.com/techco/assets/images/shapes/shape_line_4.svg]
[html.xpressbuddy.com/techco/assets/images/shapes/shape_space_3.svg]
[html.xpressbuddy.com/techco/assets/images/shapes/shape_space_4.svg]
[html.xpressbuddy.com/techco/assets/images/icons/icon_calendar.svg]
[html.xpressbuddy.com/techco/assets/images/shapes/shape_line_7.svg]
[html.xpressbuddy.com/techco/assets/images/shapes/shape_space_5.svg]
[html.xpressbuddy.com/techco/assets/images/shapes/bg_pattern_3.svg]
[html.xpressbuddy.com/techco/assets/images/icons/icon_mail_2.svg]
[html.xpressbuddy.com/techco/assets/images/shapes/shape_space_6.svg]
[html.xpressbuddy.com/techco/assets/js/jquery.min.js]
[html.xpressbuddy.com/techco/assets/js/popper.min.js]
[html.xpressbuddy.com/techco/assets/js/bootstrap.min.js]
[html.xpressbuddy.com/techco/assets/js/bootstrap-dropdown-ml-hack.min.js]
[html.xpressbuddy.com/techco/Version/index.html]
[html.xpressbuddy.com/techco/e]
[html.xpressbuddy.com/techco/t.params.url]
[html.xpressbuddy.com/techco/assets/js/swiper-bundle.min.js]
[html.xpressbuddy.com/techco/assets/js/parallaxie.js]
[html.xpressbuddy.com/techco/assets/js/parallax-scroll.js]
[html.xpressbuddy.com/techco/assets/js/wow.min.js]
[html.xpressbuddy.com/techco/assets/js/countdown.js]
[html.xpressbuddy.com/techco/assets/js/magnific-popup.min.js]
[html.xpressbuddy.com/techco/assets/js/appear.min.js]
[html.xpressbuddy.com/techco/assets/js/odometer.min.js]
[html.xpressbuddy.com/techco/assets/js/circularProgressBar.min.js]
[html.xpressbuddy.com/techco/assets/js/main.js]
[html.xpressbuddy.com/techco/assets/fonts/fa-duotone-900.html]
[html.xpressbuddy.com/techco/assets/fonts/fa-light-300.html]
[html.xpressbuddy.com/techco/assets/fonts/fa-thin-100.html]
[html.xpressbuddy.com/techco/assets/fonts/fa-v4compatibility.html]
[html.xpressbuddy.com/techco/assets/images/shapes/it_solution_hero_bg_1.svg]
[html.xpressbuddy.com/techco/assets/images/icons/icon_stars_trustpilot.svg]
[html.xpressbuddy.com/techco/assets/images/shapes/bg_pattern_1.svg]
[html.xpressbuddy.com/techco/assets/images/icons/icon_head.svg]
[html.xpressbuddy.com/techco/assets/images/icons/icon_check.svg]
[html.xpressbuddy.com/techco/assets/images/icons/icon_like.svg]
[html.xpressbuddy.com/techco/assets/images/icons/icon_dart_board.svg]
[html.xpressbuddy.com/techco/assets/images/icons/icon_user_check.svg]
[html.xpressbuddy.com/techco/assets/images/icons/icon_headphone.svg]
[html.xpressbuddy.com/techco/assets/images/icons/icon_dollar.svg]
[html.xpressbuddy.com/techco/assets/images/shapes/bg_pattern_2.svg]
[html.xpressbuddy.com/techco/assets/images/icons/icon_facebook.svg]
[html.xpressbuddy.com/techco/assets/images/icons/icon_twitter_x.svg]
[html.xpressbuddy.com/techco/assets/images/icons/icon_linkedin.svg]
[html.xpressbuddy.com/techco/assets/images/icons/icon_instagram.svg]
[html.xpressbuddy.com/techco/assets/images/icons/icon_mail.svg]
[html.xpressbuddy.com/techco/assets/images/icons/icon_calling.svg]
[html.xpressbuddy.com/techco/assets/images/icons/icon_map_mark.svg]
[html.xpressbuddy.com/techco/assets/images/hero/logo_google.svg]
[html.xpressbuddy.com/techco/assets/images/icons/icon_user_3.svg]
[html.xpressbuddy.com/techco/assets/images/icons/icon_wallet.svg]
[html.xpressbuddy.com/techco/assets/images/icons/icon_bulb.svg]
[html.xpressbuddy.com/techco/assets/images/icons/icon_user_rating.svg]
[html.xpressbuddy.com/techco/assets/images/icons/icon_hand_shake.svg]
[html.xpressbuddy.com/techco/assets/images/icons/icon_analisis_2.svg]
[html.xpressbuddy.com/techco/assets/images/icons/icon_process.svg]
[html.xpressbuddy.com/techco/assets/images/icons/icon_chart_2.svg]
[html.xpressbuddy.com/techco/assets/images/icons/icon_meeting.svg]
[html.xpressbuddy.com/techco/assets/images/icons/icon_bulb_2.svg]
[html.xpressbuddy.com/techco/assets/images/icons/icon_speed_miter.svg]
[html.xpressbuddy.com/techco/assets/images/icons/icon_quote_2.svg]
[html.xpressbuddy.com/techco/assets/images/shapes/bg_pattern_4.svg]
[html.xpressbuddy.com/techco/assets/images/icons/icon_clock.svg]
[html.xpressbuddy.com/techco/assets/images/icons/icon_dart_board_2.svg]
[html.xpressbuddy.com/techco/assets/images/icons/icon_target.svg]
[html.xpressbuddy.com/techco/assets/images/icons/icon_check_2.svg]
[html.xpressbuddy.com/techco/assets/images/icons/icon_leaf.svg]
[html.xpressbuddy.com/techco/assets/images/icons/icon_box.svg]
[html.xpressbuddy.com/techco/assets/images/icons/icon_receipt_add.svg]
[html.xpressbuddy.com/techco/assets/images/icons/icon_monitor.svg]
[html.xpressbuddy.com/techco/assets/images/icons/icon_microscope.svg]
[html.xpressbuddy.com/techco/assets/images/icons/icon_doc.svg]
[html.xpressbuddy.com/techco/assets/images/icons/icon_analysis.svg]
[html.xpressbuddy.com/techco/assets/images/icons/icon_headphone_2.svg]
[html.xpressbuddy.com/techco/assets/images/icons/best_offer.svg.svg]
[html.xpressbuddy.com/techco/assets/images/icons/icon_check_3.svg]
[html.xpressbuddy.com/techco/assets/images/icons/icon_map_mark_2.svg]
[html.xpressbuddy.com/techco/assets/images/icons/icon_calling_2.svg]
[html.xpressbuddy.com/techco/assets/images/icons/icon_mail_3.svg]
[html.xpressbuddy.com/techco/assets/images/icons/icon_calendar_2.svg]
[html.xpressbuddy.com/techco/assets/images/shapes/shape_arrow_right.svg]
[html.xpressbuddy.com/techco/assets/images/shapes/shape_arrow_left.svg]
[html.xpressbuddy.com/techco/assets/images/icons/icon_search.svg]
[html.xpressbuddy.com/techco/assets/images/icons/icon_user.svg]
[html.xpressbuddy.com/techco/assets/images/icons/icon_chat.svg]
[html.xpressbuddy.com/techco/assets/images/icons/icon_eye.svg]
[html.xpressbuddy.com/techco/assets/images/icons/icon_link.svg]
[html.xpressbuddy.com/techco/assets/images/icons/icon_bookmark.svg]
[html.xpressbuddy.com/techco/Version/index.html]
[html.xpressbuddy.com/techco/e.html]
[html.xpressbuddy.com/techco/t.params.html]
